2025-08-09 12:38:51,294 - __main__ - INFO - ✅ K线区域配置已加载
2025-08-09 12:38:51,295 - __main__ - INFO - ✅ K线颜色配置已加载
2025-08-09 12:38:51,295 - __main__ - INFO - K线校准器初始化完成
2025-08-09 12:40:44,592 - __main__ - INFO - ✅ K线区域配置已保存
2025-08-09 12:40:44,594 - __main__ - INFO - ✅ K线区域配置已保存
2025-08-09 12:40:44,595 - __main__ - INFO - ✅ K线区域配置已保存
2025-08-09 12:41:41,744 - __main__ - ERROR - ❌ 颜色校准失败: can't re-enter readline
2025-08-09 12:41:41,808 - __main__ - ERROR - ❌ 颜色校准失败: can't re-enter readline
2025-08-09 12:41:41,874 - __main__ - ERROR - ❌ 颜色校准失败: can't re-enter readline
2025-08-09 12:41:41,940 - __main__ - ERROR - ❌ 颜色校准失败: can't re-enter readline
2025-08-09 12:41:42,003 - __main__ - ERROR - ❌ 颜色校准失败: can't re-enter readline
2025-08-09 12:41:42,115 - __main__ - INFO - ✅ K线区域配置已保存
2025-08-09 12:41:42,115 - __main__ - INFO - ✅ K线区域配置已保存
2025-08-09 12:41:42,116 - __main__ - INFO - ✅ K线区域配置已保存
2025-08-09 12:41:42,116 - __main__ - INFO - ✅ K线区域配置已保存
2025-08-09 12:41:42,117 - __main__ - INFO - ✅ K线区域配置已保存
2025-08-09 12:41:42,117 - __main__ - INFO - ✅ K线区域配置已保存
2025-08-09 12:41:42,117 - __main__ - INFO - ✅ K线区域配置已保存
2025-08-09 12:41:42,118 - __main__ - INFO - ✅ K线区域配置已保存
2025-08-09 12:41:42,118 - __main__ - INFO - ✅ K线区域配置已保存
2025-08-09 12:41:42,118 - __main__ - INFO - ✅ K线区域配置已保存
2025-08-09 12:41:42,119 - __main__ - INFO - ✅ K线区域配置已保存
2025-08-09 12:41:42,119 - __main__ - INFO - ✅ K线区域配置已保存
2025-08-09 12:41:42,120 - __main__ - INFO - ✅ K线区域配置已保存
